// Jest Snapshot v1, https://goo.gl/fbAQLP

exports[`Background do h1 da match com a cor segundaria do tema 1`] = `
.c0 {
  background: #55D;
}

<div
  class="c0"
>
  <h1>
    Oi
  </h1>
</div>
`;
